Fatal error: exception Failure("illegal operation")
