Fatal error: exception Failure("unexpected arg types")