Fatal error: exception Failure("incorrect return type")
