Fatal error: exception Failure("unsized array must be initialized")
