Fatal error: exception Failure("illegal void variable a")
