Fatal error: exception Exceptions.UnknownVariable("x")
