Fatal error: exception Failure("Duplicate function.")