Fatal error: exception Failure("illegal void arg")
