Fatal error: exception Failure("main() may not take args")
