Fatal error: exception Failure("Incorrect number of args for function call add. Expecting 2 args but got 1")