Fatal error: exception Failure("undeclared function minus")
