Fatal error: exception Failure("illogical while")
