Fatal error: exception Failure("Cannot overwrite print function!!")
