Fatal error: exception Failure("variable declaration type mismatch")
