Fatal error: exception Failure("Duplicate variable a")