Fatal error: exception Failure("illegal array initialization")
