Fatal error: exception Failure("invalid operands")
