Fatal error: exception Exceptions.UnknownVariable("b")
