Fatal error: exception Failure("Cannot print void.")